Most repeated keywords ==>

rotational
data
landslides

Medium repeated keywords ==>

landslide
model
proposed
elevation
differences


Extracted Output ===>


Section sentences followed by one of the key sentences below ===> 

1. Introduction 
2. Materials and methods 
2.1. Model development 
2.2. Implementation of the proposed model 
2.3. Description of LiDAR data 
3. Results and discussion 
4. Conclusions 
References 


Key sentences including at least one most repeated and one medium repeated keywords ===> 

studies 
for  determinations of landslides have utilized a digital 
terrain model (dtm) created by different sources of data 
including light detection and ranging (lidar), which is 
a powerful tool to create a bare ground model, canopy 
model, etc

remote  sensing 
techniques  have  been  used  for  detection  of  landslides 
by  several  researchers

(2010) to detect landslides bigger than 0.5 
m

however, two epochs of 3d data (one 
before and after the landslide occurred) may reveal more 
realistic results for elevation change in topography (burns 
et al., 2010)

one type of landslide is a rotational landslide classified by 
varnes (1978)

in this field, more modeling for detection 
and estimation of landslides is needed

in the present study, a first-order differential equation 
that  governs  a  rotational  landslide  is  developed  and 
proposed as a search tool in detecting and determining 
the parameters of rotational landslides from two epochs of 
lidar data: one before and one after a rotational landslide 
occurred

this study  presents some novelties as follows: a) a 
model for estimation of parameters of rotational landslides 
is proposed based on first-order differential equations, b) it 
presents itself as a tool for detection of rotational landslides, 
c)  the  proposed  procedure  is  different  from others in 
dealing with vector data (in the form of 3-dimensional 
coordinates) as opposed to pixel values, d) this approach 
deals with the subject from the view of deformations

in this section, model development is given first, then the 
proposed model is implemented, and finally a description 
of the data is given

surfaces may be represented in implicit form as  at time t1 
and  at time t2 before and after a rotational landslide has 
occurred, respectively

  a  rotational  landslide  classified  by  varnes  (1978) 
is shown in figure 1; it gives an insight into what the 
difference  function  f (x, y)  could be for a  meaningful 
elevation change

then  each  profile  (figure  3a),  which may or  may 
not contain points  whose  elevations changed due to a 
rotational landslide, may be represented by an approximate 
piecewise function considering figure 3b as


where a is a maximum depletion height of a rotational 
landslide serving as the amplitude of a sinus function and 
s is the normalized distance to fit into a 2? period along 
the steepest slope direction of a particular profile and b 
is a phase angle

(10)  may  be  a  useful  tool  for 
the  detection  and  determination  of  the  parameters  of 
rotational landslides

to  implement  the proposed model,  two  surfaces  were 
created using the last return of lidar data: one before 
and one after a rotational landslide occurred

in the prepared set, three 
rotational landslides  were  inserted having  the  sizes of 
6 × 9 m, 7.5 × 12 m, and 6 × 10.5 m with 2d landslide 
deposit aspect ratio (amplitude) 11%, 12.5%, and 11.8%, 
respectively

a box plot of elevation differenced data is given in figure 
4

by taking the outlying points (or deformed points), 
the area was segmented and three significant rotational 
landslides were detected (figure 5) and their locations are 
plotted in figure 6

this robust approach in segmentation was found to 
be  successful  in  determining  the rotational landslides

if the direction of the 
rotational landslide is  not  coincided with  the  steepest 
slope  direction,  then this  approach may be  used for a 
preliminary search for possible landslides and then the 
slope direction is re-determined and applied for the region 
for  proper  determination

landslides  were  selected  on  purpose  to  evaluate  the 
approach for rotational landslides that shadow each other 
from the profiling point of view

three  rotational  landslides  were  detected

for  each 
rotational landslide, the  median of  the estimated sinus 
waves for each landslide was taken as the representative of 
them, which is the bold blue solid curve in figure 7

sizes and amplitudes of landslides of simulated and 
estimated rotational landslides are tabulated in the table

the  estimated  amplitudes of three rotational landslides 
were 1.07 m, 1.55 m, and 1.22 m, while the simulated values 
were 1.0 m, 1.5 m, and 1.22 m, respectively

the estimated sizes 
of landslides differ 0.3 m in both width and length, i.e

a  model  using  first-order  differential  equations  for 
determining  parameters  of  rotational  landslides  was 
developed  and  proposed  as  a  tool  for  detecting  and 
determining of rotational landslides from two epochs of 
lidar data; the first epoch is real and the second epoch 
simulated  to  make  sure  that  one  or  more  rotational 
landslides are included

the results of  segmentation based on the proposed 
model were found to be successful in determining each 
rotational landslide

the  results  indicated  that  the 
proposed model is capable of determining and estimating 
rotational landslides from 3d data

amplitude  estimation  was 
accurate while size estimation of rotational landslides was 
one grid length less in both directions than the simulated 


therefore, real  data  for 
both epochs should be used to test the proposed model

the  proposed  model  is  for  estimating  the  parameters 
of  rotational  landslide  only

the  author  recommends 
studying other types of landslides as well

