Most repeated keywords ==>

cortisol
life
early

Medium repeated keywords ==>

stress
depressive
levels
adult
hpa


Extracted Output ===>


Section sentences followed by one of the key sentences below ===> 

1 | INTRODUCTION 
2.2 | Measures of early life stress and depressive symptoms 
2.3 | Cortisol collection, preparation, and measurement 
2.4 | Covariates 
2.5 | Data analyses 
3 | RESULTS 
4 | DISCUSSION 
4.1 | Limitations 
5 | CONCLUSION 


Key sentences including at least one most repeated and one medium repeated keywors ===> 

the durable effects of early life psychosocial
stress exposure are also known to predict adult depression beyond
the influence of genetic predispositions, as these patterns have been
reported in twin studies (kendler et al., 2000; nelson et al., 2002)

elu-
cidating the possible underlying biological correlates, in diverse cul-
tural contexts, can allow for the identification of universal biocultural
pathways that contribute to the lasting impacts of early life experi-
ences on adult depression and can illuminate potential opportunities
to ameliorate the long-term poor health outcomes shaped by these
adverse experiences and conditions

logical system involved in the mammalian stress response, has been
implicated as an important biological system that sustains the impacts
of early life psychosocial and environmental exposures and shapes
later life mental health status (heim & binder, 2012; miller, chen, &
parker, 2011; taylor, way, & seeman, 2011)

normal hpa axis activ-
ity follows a diurnal rhythm where circulating cortisol concentrations
are elevated upon waking, surge post-waking to reach peak levels
~30 min after waking (a phenomenon known as the cortisol awaken-
ing response), and decrease across the day until reaching the body's
lowest levels before slumber (kirschbaum & hellhammer, 1989;
pruessner et al., 1997; weitzman et al., 1971)

early life stress expo-
sure and adverse social, emotional, and physical conditions have con-
sistently been reported as strong predictors of hpa axis dysregulation
as indexed by abnormal diurnal cortisol rhythms and reactions to
stressful events (gustafsson, janlert, theorell, & hammarström, 2010;
heim & binder, 2012; taylor et al., 2011; thayer, wilson, kim, &
jaeggi, 2018), though the direction of these relationships has varied
across the literature

for example, individuals who experienced early
life stress have exhibited both higher (luecken & appelhans, 2006;
schalinski, elbert, steudte-schmiedgen, & kirschbaum, 2015; van der
vegt, van der ende, kirschbaum, verhulst, & tiemeier, 2009) and
lower levels of basal cortisol (desantis, kuzawa, & adam, 2015; tri-
ckett, noll, susman, shenk, & putnam, 2010; van der vegt
et al., 2009) during adulthood

early life stress is also related to an
altered cortisol awakening response (butler, klaus, edwards, &
pennington, 2017; engert, efanov, dedovic, dagher, &
pruessner, 2011; fogelman & canli, 2018; gonzalez, jenkins,
steiner, & fleming, 2009) and evening cortisol levels (engert
et al., 2011; gustafsson et al., 2010) in adulthood in both positive and
negative directions

tell, gaylord-harden, & mathews, 2017; lovallo, farag, sorocco,
cohoon, & vincent, 2012) of cortisol reactivity in response to acute
psychosocial stressors

early life stress-induced hpa-axis dys-
regulation has also been seen in non-human primates

unpredictable
separations from the mother, unpredictable maternal feedings, or
spontaneous maternal abusive behavior among captive rhesus
macaque infants were found to predict altered diurnal cortisol
rhythms characterized by lower morning levels, higher daytime levels,
and flatter cortisol slopes across the day (coplan et al., 1996; sánchez
et al., 2005)

for instance, elevated levels of evening
cortisol have been reported to be characteristic of major depressive
disorder (mdd) in both adolescents (angold & worthman, 1993; dahl
et al., 1991; goodyer et al., 1996) and adults (gold, goodwin, &
chrousos, 1988; plotsky et al., 1998; young et al., 1994)

although not all depressed patients display hpa axis dys-
regulation (heim, newport, mletzko, miller, & nemeroff, 2008), these
alterations in diurnal cortisol rhythms are thought to influence depres-
sion, possibly as a result of inflammation caused by glucocorticoid
receptor insensitivity (miller, maletic, & raison, 2009) and impairment
of glucocorticoid-mediated negative feedback processes of the hpa
axis (pariante & lightman, 2008)

thus, prior research has emphasized
that alterations in hpa axis function are not only affected by the
embodiment of early life and recent social experiences but may also
predict individual risk for depression later in life

the role of the hpa axis in shaping the depressive effects of early


life stress, however, remains unclear as results from past studies have
reported mixed findings (engert et al., 2011; gerritsen et al., 2010;
gonzalez et al., 2009; mangold et al., 2011; zilioli et al., 2016)

although growing evidence has implicated early life stress-induced
alterations in hpa axis function as a possible mechanism for adult
depression, the potential psychobiological mechanisms that underlie
the long-term depressive effects of early life stress are not well-
known

additionally, few studies explore the durability of the effects
of early life conditions on hpa axis function, as a majority of studies
tend to examine early life stress retrospectively, rather than prospec-
tively

early life stress as a predictor of adult depression is accounted for by
alterations in adult hpa axis function in a non-clinical, naturalistic set-
ting

previous research studies from the clhns sample have
reported dramatically higher rates of depression among individuals
who witnessed domestic violence growing up (hindin &
gultiano, 2006) and that lifecourse socioeconomic status predicts
altered adult diurnal cortisol rhythms (desantis et al., 2015)

we build
on this work to test the hypothesis that a composite measure of early
life stressors will predict depressive symptoms during early adulthood

additionally, we further hypothesize that altered hpa axis function,
as reflected by elevated salivary bedtime cortisol and cortisol awaken-
ing response levels, will account for the depressive effects of early life
stress

six measures of early life family-related stress were operationalized as
dichotomous categorical variables and summed to create a composite
score

early life stress variables included measures of maternal
absence, paternal instability, sibling death, witnessing domestic vio-
lence during childhood (gettler et al 2015; hindin & gultiano, 2006),
and reverse scored measures of feeling close to one's mother during
childhood, and closeness to one's father during childhood
(hindin, 2005)

these six variables were
among the small handful of data points on early life stress that were
collected during the study, which was initially designed to study the
long-term health impacts of infant feeding

three sam-
ples representing cortisol levels at key points in time in the diurnal
cortisol cycle were collected

this protocol allowed us to capture both morning and evening
cortisol levels in a limited timeframe; we believe any error
(or additional state variation) introduced by sampling evening levels
on 1 day and morning levels on the next day is compensated for by
the large sample size (~1,250 participants) associated with this study
(adam & kumari, 2009)

the waking cortisol values from the levels 30 min later, although we
recognize that this calculation of car no longer meets the guidelines
for optimal measurement (stalder et al., 2016)

diurnal slopes
were calculated by subtracting waking cortisol levels from evening
levels and dividing this value by the length of the waking day in hours
using data from both days of saliva sampling (desantis et al., 2015)

an hourly rate of cortisol decline from morning levels to evening
levels was therefore calculated, with steeper slopes reflected by a
larger, more negative rate of decline, and flatter slopes associated


food consumption and exercise were also tested
as covariates but were not included in the final models since they
were not significantly related to early life stress, depressive symp-
toms, or individual cortisol indices

timespan in which the experiences of early life stress occurred,
between infancy and middle childhood, an “early life ses” variable
was constructed by summing ses scores from the 1983, 1986, 1991,
and 1994 surveys

depressive symptom scores, pss, waking
cortisol, cortisol awakening response, bedtime cortisol, diurnal cortisol
slope, household income, household assets, educational attainment,
and time of evening saliva collection were all analyzed as continuous
variables

first,
bivariate associations between early life stress, cortisol measures,
depressive symptom scores, and covariates were calculated
(tables 2a and 2b)

our final model examined
whether or not associations between early life stress and depressive
symptoms are dependent on our hpa axis measures by including mea-
sures of pm cortisol and the cortisol awakening response, then diurnal
slope and the cortisol awakening response

table 2b shows zero-order correlations between dis-
aggregated early life stress measures and cortisol indices

early life stress composite measure and adult depressive symptoms
controlling for sex (table 3a)

greater number of early life stressors
significantly predicted a higher levels of depressive symptoms at age
21–22

results from this partial regression model also show a dose–
response relationship between the number of early life stressors and
adult depressive symptoms

household ses at 2005 was negatively associated with depres-
sion risk scores (? = ?.69, p = .002) while household ses during early
child development did not significantly predict adult depression risk

in hpa circadian dynamics might affect relationships between early
experiences and adult depressive symptoms

we tested the relation-
ship between adult depressive symptoms and diurnal cortisol slope
(the rate of change in cortisol concentrations from morning to eve-
ning) and the cortisol awakening response while controlling for time
of evening saliva collection, smoking status, as well as recent stress,
which was assessed by an adapted version of the perceived stress
scale (cohen et al., 1994)

flatter cortisol slopes, indicated by greater
positive values, at age 21–22 predicted higher levels of depressive
symptoms (p = .003) (table 3a, model 4)

including the cortisol
variables modestly altered the relationship between early life stress
and depressive symptoms as indicated by the change in the coeffi-
cient of the early life stress composite variable from model 2 (0.4006)
to model 4 (.353), the fully adjusted model, and the dummy coded
stress groups

subtracting evening levels from morning levels divided by the duration
in time (adam & kumari, 2009; desantis et al., 2015), we dis-
aggregated the cortisol slope variable into separate morning and eve-
ning levels to examine which component of the diurnal cortisol
rhythm impacted depression risk (models 5 and 6)

the new fully-
adjusted regression model, which includes the morning and evening
measures in place of the slope and car variables, shows that on aver-
age, evening cortisol levels significantly predict adult depressive
symptoms (p = .004) (figure 1)

greater evening cortisol concentra-
tions correspond with higher depressive symptom scores (table 3a)

the effect of waking cortisol on adult depressive symptom is not sig-
nificant

early life stress continues to significantly predict adult
depressive symptoms in a dose–response fashion

effects of diurnal slope and car variables in models 3 and 4, the
inclusion of the bedtime and waking cortisol variables led to very
modest changes in the coefficient of the early life stress composite
variable from model 2 (0.4006) to model 6 (0.39), the complete
model, and the dummy coded stress groups

we then disaggregated the early life stress composite measure to


examine the effects of each early life stress variable, all of which were
coded as categorical variables, on young adult depressive symptoms
(table 3b)

no other early life stress
measures significantly predicted depression risk

being male and
greater socioeconomic status at 2005, but not during early life, cor-
responded with decreased depressive symptom severity

similar to
the previous model, higher levels of evening cortisol significantly asso-
ciated with higher depressive symptom scores (p = .005)

early life stress affected young adult cortisol rhythms

our results
show no significant relationships between the early life stress com-
posite measure and any of the diurnal cortisol measures (e.g., waking,
cortisol awakening response, evening, diurnal slope)

after dis-
aggregating the early life stress composite measure, however, those
who witnessed domestic violence during childhood exhibited signifi-
cantly lower levels of bedtime cortisol (p = .018)

our findings suggest that early life stress, witnessing domestic vio-
lence during childhood, and alterations in adult hpa axis function pre-
dict the severity of depressive symptoms during adulthood in this
sample of cebuano young adults

however, contrary to previous find-
ings in the literature, these relationships appeared to be independent
of one another, as indicated by the modest changes in the relationship
between early life stress and adult depression risk after controlling for
hpa axis measures (tables 3a and 3b)

thus, we report that diurnal
cortisol activity does not affect adult depressive symptoms as a result
of early life stress during child development

our early life stress com-
posite measure also did not predict diurnal cortisol patterns during
youngadulthood in this sample, but witnessing domesticviolence dur-
ing childhood predictedlower bedtime cortisol levels

our findings linking early life stress and diurnal cortisol rhythms


we confirm the overall positive association previ-
ously reported between early life stress and adult depressive symp-
toms (heim & binder, 2012; taylor et al., 2011) as seen by the direct
relationship between our composite measure of early life stress and
adult depressive symptoms (figure 3) as well as the long-term adult
depressive impacts of witnessing domestic violence during childhood

exception to witnessing domestic violence, none of our additional
measures of early life stress significantly predicted depressive symp-
tomatology independently (table 3b)

when considering the cumula-
tive effects of these measures, however, exposure to more of these
stressors during development is associated with worse depressive
outcomes in early adulthood

our results also report that flatter adult diurnal cortisol slopes,


but not concentrations of waking cortisol or the cortisol awakening
response, are directly associated with adult depressive symptoms

past studies have found that flatter diurnal cortisol
rhythms occur due to either lower morning cortisol, higher evening
cortisol, or both, all of which are indications of hpa axis dysregulation
(desantis et al., 2015; doane et al., 2013; lopez-duran et al

dis-
aggregating the slope measure showed that higher evening cortisol
levels predominantly accounted for the effects of cortisol diurnal
rhythms on adult depression symptomatology (figure 1)

the positive
association between evening cortisol concentrations and adult
depressive symptoms is also consistent with previous studies (gold
et al., 1988; plotsky et al., 1998; young et al., 1994)

while we did not
find any significant links between the cortisol awakening response
and depressive symptoms, prior research has reported altered cortisol
awakening responses among depressed adults

during adolescence tended to have lower bedtime cortisol levels at
age 21–22, while there were no differences in the cortisol awakening
response

the association between witnessing domestic violence and
lower bedtime cortisol levels was an unexpected finding as past stud-
ies have generally found that early life adversity corresponds with
greater evening levels

care and experienced a loss of a parent either by death or separation
exhibited higher bedtime cortisol levels during adulthood

although several studies have
reported null associations between early life stress and adult evening
cortisol concentrations (gerritsen et al., 2010; gonzalez et al., 2009;
miller et al., 2009; van der vegt et al., 2009), a smaller number of
studies have reported similar links between greater early adversity
and lower evening cortisol levels that we report

in our
study, the association between decreased evening cortisol levels dur-
ing young adulthood and witnessing domestic violence during adoles-
cence may be a function of the timing since the onset of stress

(2007) argue that the seemingly con-
tradictory findings between hyper- and hypocortisolism among
chronically-stressed adults “simply reflect different timepoints during
the stress process” (35)

upon exposure to stress, the hpa axis may
become activated, causing a rise in circulating cortisol levels

over-
time, the hpa axis may mount a counter-regulatory response
whereby cortisol output rebounds below normal levels (miller
et al., 2007)

the transition from hypercortisolism to hypocortisolism
has also been interpreted as a result of the hpa axis losing its resil-
ience overtime (mcewen, 1998)

for
example, individuals exposed to an array of stressful life experiences
during child development such as parental loss and child maltreatment
(gonzalez et al., 2009) and neglect and abuse (van der vegt
et al., 2009), and adverse social conditions such as low socioeconomic
status (gustafsson et al., 2010) generally exhibited heightened cortisol
awakening responses compared to their respective comparison
groups

similar to our prior consider-
ation with depression, differences in the early life stress-hpa axis
relationship seen across these studies may be explained by the partic-
ular qualities of early life stress in question, such as the frequency,
severity, and social meaning of the psychosocial stressor or environ-
mental condition (fogelman & canli, 2018; lyons & parker, 2007;
miller et al., 2007)

this study further
emphasizes the role that early life experiences have on shaping the
hpa axis in this sample

(2015) reported that chroni-
cally low socioeconomic status from infancy to early adulthood
predicted diurnal hpa axis rhythms in adulthood

cumulative economic strain
from prenatal development to early adulthood was associated with
higher bedtime cortisol levels, lower cars, and other characteristics
of hpa axis dysregulation (i.e., lower total cortisol output, flatter corti-
sol slopes) while our findings show that witnessing domestic violence
predicted lower bedtime cortisol levels

as previously mentioned, the
nature of the stressor in question may explain the varying relation-
ships between early life stress and hpa axis function seen across
studies, though the lack of specificity in our survey question on wit-
nessing domestic violence preclude us from ascertaining the particular
qualities of the stressor that may explain our discrepant finding

tic violence and adult evening cortisol levels, the finding that bedtime
cortisol levels do not influence the relationship between early life
stress and depressive symptoms is expected statistically but concep-
tually perplexing

the strengthened relationship between early life
stress and adult depressive symptoms after including the bedtime cor-
tisol variable suggests that early life stress predicts depressive symp-
toms despite the fact that individuals in our sample tend to exhibit
cortisol levels of non-depressed individuals

we intended on con-
ducting a mediation analysis to evaluate the links between early life
stress, cortisol levels, and depressive risk, but our results did not meet
the criteria for mediation analysis as all three variables were not sig-
nificantly correlated to one another

while cross-sectional measure of
hpa axis function may not be related to the depressive effects of
early life stress during young adulthood, hpa axis function at earlier
stages of development may still influence one's risk of later life
depression (adam et al., 2010; bockting et al., 2012; goodyer, bacon,
ban, croudace, & herbert, 2009; vrshek-schallhorn et al., 2013)

other biological pathways of hpa axis function that have pre-
viously been implicated in the early life stress-adult depression path-
way include upstream mechanisms like epigenetic variation (e.g., dna
methylation, histone modification) (heim & binder, 2012; khulan
et al., 2014; smith, parets, & kim, 2014) and downstream pathways
such as inflammatory (immune activation, gut-brain axis) (pace
et al., 2006) and neurobiological mechanisms (e.g., neurotransmission,
neuroanatomic changes) (gatt et al., 2010; grant, cannistraci, hollon,
gore, & shelton, 2011)

for example, early life stress has been
hypothesized to influence differential methylation signatures among
hpa axis-related genes, such as the glucocorticoid receptor gene,
which in may alter the binding of cortisol and its subsequent impact
on adult depression (heim & binder, 2012; jawahar, murgatroyd,
harrison, & baune, 2015)

in contributing to the long-term effects of early life stress on adult
depressive symptomatology by waiting to evaluate adult depressive
risk a few months or years after cortisol measurements are collected

this longitudinal design can help clarify whether the durability of
altered adult cortisol activity due to early life stress is what influences
later life depressive symptoms and eliminates the possibility of
reverse causality between cross-sectional measures of depressive
symptoms and cortisol levels, as seen in our study

reliable and cultur-
ally validated measures of early life stress and depression will also
strengthen the internal validity of future studies, and multiple days of
cortisol collection with daily assessments of mood, behaviors, and
experience will better characterize typical diurnal cortisol rhythms

finally, additional stress-sensitive mechanism that are both upstream
and downstream of hpa axis function can be assessed to identify
other biological pathways involved in the long-term depressive effects
of early life stress

the first limitation of this study is our crude measure of early life
stress

there are
likely a wide variety of stressors across multiple domains and levels of
life that may have similar long-term effects on mental health and, in
general, affect the body

different dimensions of psychosocial stress,
such as a more diverse set of experiences and conditions (various
forms of social oppression, disease and illness experience, teratogens,
etc.), chronicity, severity, and sociocultural meaning, could have dis-
tinct and varied sequelae on hpa axis function (e.g., diurnal cortisol
rhythm, stress reactivity) and later life health

because momentary- and day-level
changes in emotions and social experiences shape cortisol levels
(adam, 2006), it is preferred to collect samples for diurnal cortisol
across multiple days (adam & kumari, 2009)

in summary, early life family-related stressors predicted greater severity
of depressive symptoms at early adulthood in a dose–response fashion
and witnessing domestic violence during child development predicted
lower levels of evening cortisol in this large, naturalistic, non-western,
and longitudinal sample of individuals in metropolitancebu, philippines

when considering the cumulative effects of early life family-based
adversity, greater exposure to these stressors during development
predicted worse depressive outcomes in early adulthood

while both
bedtime cortisol and diurnal cortisol slopes significantly predicted adult
depressive symptoms cross-sectionally, adult cortisol levels did not
explain the effect of early life stress on adult depressive symptoms

furthermore, this analysis does not support the notion that the depres-
sive impacts of early life stress are influenced by hpa axis function in
this particular stage of young adulthood and this sample

given our lim-
ited saliva collection protocols and that we measured cortisol at only
one stage of adulthood, more robust measures of hpa axis function
across multiple time points throughout development may uncover pos-
sible sensitive periods that may be involved in the psychobiological
development of adult depression

additionally, we also note that our
early life stress compositevariable is limited as it is not a validated mea-
sure of family-based stress in cebu

nonetheless, these findings sug-
gest that the long-term depressive effects of certain forms of early life
stress extend to this large sample in the philippines, and that early life
stress and hpa axis function at age 21–22 in this sample may shape
adult depression through independent pathways in our sample

our
results provide further evidence that hpa axis activity is shaped by
early life conditions and is associated with depressive symptoms, and
that early life development is an important period research and inter-
vention for improving globalmental health

elevated cortisol
awakening response associated with early life stress and impaired
executive function in healthy adult males

emotional non-acceptance links early life stress and
blunted cortisol reactivity to social threat

decreased adrenocorticotropic
hormone and cortisol responses to stress in healthy adults reporting
significant childhood maltreatment

effect of childhood physical abuse on cortisol stress response

the role of early life stress in adult psychiatric
disorders: a systematic review according to childhood trauma sub-


the role
of life stress and daily negative emotion

early life stress combined with
serotonin 3a receptor and brain-derived neurotrophic factor valine
66 to methionine genotypes impacts emotional brain and arousal cor-
relates of risk for depression

the rela-
tion between early life adversity, cortisol awakening response and
diurnal salivary cortisol levels in postpartum women

current research trends in early life stress
and depression: review of human studies on sensitive periods, gene–
environment interactions, and epigenetics

diminished cortisol responses to psychosocial
stress associated with lifetime adverse events: a study among healthy
young subjects

increased cortisol awakening response and afternoon/evening cortisol
output in healthy young adults with low early life parental care

dysregulated diurnal cortisol pattern is associated
with glucocorticoid resistance in women with major depressive disor-


lifetime adversity leads to blunted stress axis reactivity: stud-
ies from the oklahoma family health patterns project

parental caring and loss during childhood and adult
cortisol responses to stress

early parental loss and salivary
cortisol in young adulthood: the moderating role of family environ-


childhood parental loss and cortisol levels in adult


early neglect and abuse predict diurnal cortisol
patterns in adults: a study of international adoptees

the importance of childhood
trauma and childhood life events for chronicity of depression in adults

